// Jest Snapshot v1, https://goo.gl/fbAQLP

exports[`ViewProfile render a label 1`] = `ShallowWrapper {}`;

exports[`ViewProfile render a label 2`] = `ShallowWrapper {}`;

exports[`ViewProfile render a label 3`] = `ShallowWrapper {}`;

exports[`ViewProfile render a label 4`] = `ShallowWrapper {}`;

exports[`ViewProfile render a label 5`] = `ShallowWrapper {}`;

exports[`ViewProfile render a label 6`] = `ShallowWrapper {}`;

exports[`ViewProfile render a label 7`] = `ShallowWrapper {}`;

exports[`ViewProfile render a label 8`] = `ShallowWrapper {}`;

exports[`ViewProfile render a label 9`] = `ShallowWrapper {}`;

exports[`ViewProfile render a label 10`] = `ShallowWrapper {}`;

exports[`ViewProfile render a label 11`] = `ShallowWrapper {}`;

exports[`ViewProfile render a label 12`] = `ShallowWrapper {}`;

exports[`ViewProfile render a label 13`] = `ShallowWrapper {}`;

exports[`ViewProfile render a label 14`] = `ShallowWrapper {}`;

exports[`ViewProfile render a label 15`] = `ShallowWrapper {}`;
